// Jest Snapshot v1, https://goo.gl/fbAQLP

exports[`Testing al cliente Es Guillermo 1`] = `
{
  "balance": 505,
  "nombre": "Guillermo",
  "tipo": "Premium",
}
`;
